[
  {
    "account_balances": {
      "Expenses:Others": {
        "EUR": -280.00
      }
    },
    "balance": {
      "EUR": -280.00
    },
    "budgets": {
      "EUR": -28.57142857142857142857142859
    },
    "date": "2012-11-29"
  },
  {
    "account_balances": {
      "Expenses:Food": {
        "EUR": -70.00
      },
      "Expenses:Others": {
        "EUR": -10.00
      }
    },
    "balance": {
      "EUR": -80.00
    },
    "budgets": {
      "EUR": -85.71428571428571428571428579
    },
    "date": "2012-12-30"
  },
  {
    "account_balances": {},
    "balance": {},
    "budgets": {
      "EUR": -85.71428571428571428571428579
    },
    "date": "2013-01-30"
  },
  {
    "account_balances": {},
    "balance": {},
    "budgets": {
      "EUR": -77.14285714285714285714285721
    },
    "date": "2013-02-27"
  },
  {
    "account_balances": {},
    "balance": {},
    "budgets": {
      "EUR": -85.71428571428571428571428579
    },
    "date": "2013-03-30"
  },
  {
    "account_balances": {},
    "balance": {},
    "budgets": {
      "EUR": -82.85714285714285714285714293
    },
    "date": "2013-04-29"
  },
  {
    "account_balances": {},
    "balance": {},
    "budgets": {
      "EUR": -85.71428571428571428571428579
    },
    "date": "2013-05-30"
  },
  {
    "account_balances": {},
    "balance": {},
    "budgets": {
      "EUR": -82.85714285714285714285714293
    },
    "date": "2013-06-29"
  },
  {
    "account_balances": {},
    "balance": {},
    "budgets": {
      "EUR": -85.71428571428571428571428579
    },
    "date": "2013-07-30"
  },
  {
    "account_balances": {},
    "balance": {},
    "budgets": {
      "EUR": -85.71428571428571428571428579
    },
    "date": "2013-08-30"
  },
  {
    "account_balances": {},
    "balance": {},
    "budgets": {
      "EUR": -82.85714285714285714285714293
    },
    "date": "2013-09-29"
  },
  {
    "account_balances": {},
    "balance": {},
    "budgets": {
      "EUR": -85.71428571428571428571428579
    },
    "date": "2013-10-30"
  },
  {
    "account_balances": {},
    "balance": {},
    "budgets": {
      "EUR": -82.85714285714285714285714293
    },
    "date": "2013-11-29"
  },
  {
    "account_balances": {},
    "balance": {},
    "budgets": {
      "EUR": -85.71428571428571428571428579
    },
    "date": "2013-12-30"
  },
  {
    "account_balances": {},
    "balance": {},
    "budgets": {
      "EUR": -85.71428571428571428571428579
    },
    "date": "2014-01-30"
  }
]