[
  {
    "balance": {},
    "date": "2021-12-31"
  },
  {
    "balance": {
      "USD": 101
    },
    "date": "2022-01-01"
  },
  {
    "balance": {
      "USD": 102
    },
    "date": "2022-01-02"
  },
  {
    "balance": {
      "USD": 103
    },
    "date": "2022-01-03"
  }
]