[
  {
    "data": {
      "account": "Assets",
      "balance": {},
      "balance_children": {
        "ABC": 1.0,
        "GLD": 47.0,
        "IRAUSD": 7200.0,
        "ITOT": 58.0,
        "RGAGX": 373.33900000000006,
        "USD": 2274.5699999999947,
        "VACHR": -82.0,
        "VBMPX": 935.4910000000001,
        "VEA": 92.0,
        "VHT": 49.0,
        "XYZ": 1.0
      },
      "children": [
        {
          "account": "Assets:US",
          "balance": {},
          "balance_children": {
            "GLD": 47.0,
            "IRAUSD": 7200.0,
            "ITOT": 58.0,
            "RGAGX": 373.33900000000006,
            "USD": 2274.5699999999947,
            "VACHR": -82.0,
            "VBMPX": 935.4910000000001,
            "VEA": 92.0,
            "VHT": 49.0
          },
          "children": [
            {
              "account": "Assets:US:Federal",
              "balance": {},
              "balance_children": {
                "IRAUSD": 7200.0
              },
              "children": [
                {
                  "account": "Assets:US:Federal:PreTax401k",
                  "balance": {
                    "IRAUSD": 7200.0
                  },
                  "balance_children": {
                    "IRAUSD": 7200.0
                  },
                  "children": [],
                  "cost": null,
                  "cost_children": null,
                  "has_txns": true
                }
              ],
              "cost": null,
              "cost_children": null,
              "has_txns": false
            },
            {
              "account": "Assets:US:BofA",
              "balance": {},
              "balance_children": {
                "USD": 1632.789999999994
              },
              "children": [
                {
                  "account": "Assets:US:BofA:Checking",
                  "balance": {
                    "USD": 1632.789999999994
                  },
                  "balance_children": {
                    "USD": 1632.789999999994
                  },
                  "children": [],
                  "cost": null,
                  "cost_children": null,
                  "has_txns": true
                }
              ],
              "cost": null,
              "cost_children": null,
              "has_txns": false
            },
            {
              "account": "Assets:US:ETrade",
              "balance": {},
              "balance_children": {
                "GLD": 47.0,
                "ITOT": 58.0,
                "USD": 641.7600000000009,
                "VEA": 92.0,
                "VHT": 49.0
              },
              "children": [
                {
                  "account": "Assets:US:ETrade:Cash",
                  "balance": {
                    "USD": 641.7600000000009
                  },
                  "balance_children": {
                    "USD": 641.7600000000009
                  },
                  "children": [],
                  "cost": null,
                  "cost_children": null,
                  "has_txns": true
                },
                {
                  "account": "Assets:US:ETrade:ITOT",
                  "balance": {
                    "ITOT": 58.0
                  },
                  "balance_children": {
                    "ITOT": 58.0
                  },
                  "children": [],
                  "cost": null,
                  "cost_children": null,
                  "has_txns": true
                },
                {
                  "account": "Assets:US:ETrade:VEA",
                  "balance": {
                    "VEA": 92.0
                  },
                  "balance_children": {
                    "VEA": 92.0
                  },
                  "children": [],
                  "cost": null,
                  "cost_children": null,
                  "has_txns": true
                },
                {
                  "account": "Assets:US:ETrade:VHT",
                  "balance": {
                    "VHT": 49.0
                  },
                  "balance_children": {
                    "VHT": 49.0
                  },
                  "children": [],
                  "cost": null,
                  "cost_children": null,
                  "has_txns": true
                },
                {
                  "account": "Assets:US:ETrade:GLD",
                  "balance": {
                    "GLD": 47.0
                  },
                  "balance_children": {
                    "GLD": 47.0
                  },
                  "children": [],
                  "cost": null,
                  "cost_children": null,
                  "has_txns": true
                }
              ],
              "cost": null,
              "cost_children": null,
              "has_txns": false
            },
            {
              "account": "Assets:US:Vanguard",
              "balance": {},
              "balance_children": {
                "RGAGX": 373.33900000000006,
                "USD": 0.020000000000038654,
                "VBMPX": 935.4910000000001
              },
              "children": [
                {
                  "account": "Assets:US:Vanguard:VBMPX",
                  "balance": {
                    "VBMPX": 935.4910000000001
                  },
                  "balance_children": {
                    "VBMPX": 935.4910000000001
                  },
                  "children": [],
                  "cost": null,
                  "cost_children": null,
                  "has_txns": true
                },
                {
                  "account": "Assets:US:Vanguard:RGAGX",
                  "balance": {
                    "RGAGX": 373.33900000000006
                  },
                  "balance_children": {
                    "RGAGX": 373.33900000000006
                  },
                  "children": [],
                  "cost": null,
                  "cost_children": null,
                  "has_txns": true
                },
                {
                  "account": "Assets:US:Vanguard:Cash",
                  "balance": {
                    "USD": 0.020000000000038654
                  },
                  "balance_children": {
                    "USD": 0.020000000000038654
                  },
                  "children": [],
                  "cost": null,
                  "cost_children": null,
                  "has_txns": true
                }
              ],
              "cost": null,
              "cost_children": null,
              "has_txns": false
            },
            {
              "account": "Assets:US:BayBook",
              "balance": {},
              "balance_children": {
                "VACHR": -82.0
              },
              "children": [
                {
                  "account": "Assets:US:BayBook:Vacation",
                  "balance": {
                    "VACHR": -82.0
                  },
                  "balance_children": {
                    "VACHR": -82.0
                  },
                  "children": [],
                  "cost": null,
                  "cost_children": null,
                  "has_txns": true
                }
              ],
              "cost": null,
              "cost_children": null,
              "has_txns": false
            }
          ],
          "cost": null,
          "cost_children": null,
          "has_txns": false
        },
        {
          "account": "Assets:Testing",
          "balance": {},
          "balance_children": {
            "ABC": 1.0,
            "USD": 0.0,
            "XYZ": 1.0
          },
          "children": [
            {
              "account": "Assets:Testing:MultipleCommodities",
              "balance": {
                "ABC": 1.0,
                "USD": 0.0,
                "XYZ": 1.0
              },
              "balance_children": {
                "ABC": 1.0,
                "USD": 0.0,
                "XYZ": 1.0
              },
              "children": [],
              "cost": null,
              "cost_children": null,
              "has_txns": true
            }
          ],
          "cost": null,
          "cost_children": null,
          "has_txns": false
        }
      ],
      "cost": null,
      "cost_children": null,
      "has_txns": false
    },
    "label": "Assets",
    "type": "hierarchy"
  }
]